stm32f3xx_hal_adc_ex.c:234:19:HAL_ADC_Init	112	static
stm32f3xx_hal_adc_ex.c:807:19:HAL_ADC_DeInit	104	static
stm32f3xx_hal_adc_ex.c:1242:19:HAL_ADC_Start	24	static
stm32f3xx_hal_adc_ex.c:1448:19:HAL_ADC_Stop	24	static
stm32f3xx_hal_adc_ex.c:1553:19:HAL_ADC_PollForConversion	32	static
stm32f3xx_hal_adc_ex.c:1856:19:HAL_ADC_PollForEvent	32	static
stm32f3xx_hal_adc_ex.c:2034:19:HAL_ADC_Start_IT	24	static
stm32f3xx_hal_adc_ex.c:2271:19:HAL_ADC_Stop_IT	24	static
stm32f3xx_hal_adc_ex.c:2377:19:HAL_ADC_Start_DMA	32	static
stm32f3xx_hal_adc_ex.c:2648:19:HAL_ADC_Stop_DMA	24	static
stm32f3xx_hal_adc_ex.c:2798:10:HAL_ADC_GetValue	16	static
stm32f3xx_hal_adc_ex.c:2856:6:HAL_ADC_IRQHandler	32	static
stm32f3xx_hal_adc_ex.c:3311:19:HAL_ADCEx_Calibration_Start	24	static
stm32f3xx_hal_adc_ex.c:3500:10:HAL_ADCEx_Calibration_GetValue	16	static
stm32f3xx_hal_adc_ex.c:3535:19:HAL_ADCEx_Calibration_SetValue	32	static
stm32f3xx_hal_adc_ex.c:3600:19:HAL_ADCEx_InjectedStart	24	static
stm32f3xx_hal_adc_ex.c:3788:19:HAL_ADCEx_InjectedStop	24	static
stm32f3xx_hal_adc_ex.c:3931:19:HAL_ADCEx_InjectedPollForConversion	32	static
stm32f3xx_hal_adc_ex.c:4158:19:HAL_ADCEx_InjectedStart_IT	24	static
stm32f3xx_hal_adc_ex.c:4378:19:HAL_ADCEx_InjectedStop_IT	24	static
stm32f3xx_hal_adc_ex.c:4538:19:HAL_ADCEx_MultiModeStart_DMA	112	static
stm32f3xx_hal_adc_ex.c:4678:19:HAL_ADCEx_MultiModeStop_DMA	104	static
stm32f3xx_hal_adc_ex.c:4797:10:HAL_ADCEx_MultiModeGetValue	24	static
stm32f3xx_hal_adc_ex.c:4848:10:HAL_ADCEx_InjectedGetValue	24	static
stm32f3xx_hal_adc_ex.c:4962:19:HAL_ADCEx_RegularStop	24	static
stm32f3xx_hal_adc_ex.c:5036:19:HAL_ADCEx_RegularStop_IT	24	static
stm32f3xx_hal_adc_ex.c:5116:19:HAL_ADCEx_RegularStop_DMA	24	static
stm32f3xx_hal_adc_ex.c:5228:19:HAL_ADCEx_RegularMultiModeStop_DMA	104	static
stm32f3xx_hal_adc_ex.c:5373:13:HAL_ADCEx_InjectedConvCpltCallback	16	static
stm32f3xx_hal_adc_ex.c:5396:13:HAL_ADCEx_InjectedQueueOverflowCallback	16	static
stm32f3xx_hal_adc_ex.c:5412:13:HAL_ADCEx_LevelOutOfWindow2Callback	16	static
stm32f3xx_hal_adc_ex.c:5427:13:HAL_ADCEx_LevelOutOfWindow3Callback	16	static
stm32f3xx_hal_adc_ex.c:5490:19:HAL_ADC_ConfigChannel	112	static
stm32f3xx_hal_adc_ex.c:5956:19:HAL_ADCEx_InjectedConfigChannel	120	static
stm32f3xx_hal_adc_ex.c:6708:19:HAL_ADC_AnalogWDGConfig	40	static
stm32f3xx_hal_adc_ex.c:6993:19:HAL_ADCEx_MultiModeConfigChannel	104	static
stm32f3xx_hal_adc_ex.c:7123:13:ADC_DMAConvCplt	24	static
stm32f3xx_hal_adc_ex.c:7170:13:ADC_DMAHalfConvCplt	24	static
stm32f3xx_hal_adc_ex.c:7188:13:ADC_DMAError	24	static
stm32f3xx_hal_adc_ex.c:7218:26:ADC_Enable	24	static
stm32f3xx_hal_adc_ex.c:7272:26:ADC_Disable	24	static
stm32f3xx_hal_adc_ex.c:7331:26:ADC_ConversionStop	32	static
