main.c:164:9:timReconfigure	56	static
main.c:235:9:timReconfigureForGenerator	40	static
main.c:246:11:setFreq	56	static
main.c:300:5:setPath	80	static
main.c:359:6:buffersInit	56	static
main.c:421:6:initBuffers	24	static
main.c:436:5:genInit	24	static
main.c:447:5:genInit0	24	static
main.c:455:5:genInit1	24	static
main.c:463:6:DACDisableOutput0	32	static
main.c:470:6:DACDisableOutput1	32	static
main.c:477:5:genStop0	16	static
main.c:484:5:genStop1	16	static
main.c:492:6:vprint	320	static
main.c:501:6:pr	16	static
main.c:509:6:setSweepMaxMin	16	static
main.c:517:6:printADCOut	8	static
main.c:537:10:selectBufferSize	24	static
main.c:548:6:setAmpl	40	static
main.c:586:6:setFiltr	24	static
main.c:593:6:setFrequency	32	static
main.c:630:6:setStep	16	static
main.c:643:6:setSampleRate	16	static
main.c:650:6:setOffset	40	static
main.c:683:6:sweepUpdate	4	static
main.c:704:6:toggleSweep	16	static
main.c:729:5:compare_strings	24	static
main.c:744:5:getRequest	152	static
main.c:870:6:HAL_UART_RxCpltCallback	16	static
main.c:887:6:changeSamplingTime	48	static
main.c:922:6:setADC	48	static
main.c:961:7:HAL_ADC_ConvHalfCpltCallback	16	static
main.c:967:6:HAL_ADC_ConvCpltCallback	16	static
main.c:986:5:main	24	static
main.c:1208:6:SystemClock_Config	160	static
main.c:1261:6:Error_Handler	8	static
