stm32f3xx_it.c:79:6:NMI_Handler	4	static
stm32f3xx_it.c:92:6:HardFault_Handler	8	static
stm32f3xx_it.c:107:6:MemManage_Handler	4	static
stm32f3xx_it.c:122:6:BusFault_Handler	4	static
stm32f3xx_it.c:137:6:UsageFault_Handler	4	static
stm32f3xx_it.c:152:6:SVC_Handler	4	static
stm32f3xx_it.c:165:6:DebugMon_Handler	4	static
stm32f3xx_it.c:178:6:PendSV_Handler	4	static
stm32f3xx_it.c:191:6:SysTick_Handler	8	static
stm32f3xx_it.c:212:6:DMA1_Channel1_IRQHandler	8	static
stm32f3xx_it.c:226:6:DMA1_Channel3_IRQHandler	8	static
stm32f3xx_it.c:240:6:DMA1_Channel4_IRQHandler	8	static
stm32f3xx_it.c:254:6:ADC1_2_IRQHandler	8	static
stm32f3xx_it.c:269:6:TIM1_BRK_TIM15_IRQHandler	8	static
stm32f3xx_it.c:283:6:USART2_IRQHandler	8	static
stm32f3xx_it.c:297:6:EXTI15_10_IRQHandler	8	static
stm32f3xx_it.c:311:6:TIM6_DAC_IRQHandler	8	static
stm32f3xx_it.c:326:6:TIM7_IRQHandler	8	static
